// Vitest Snapshot v1, https://vitest.dev/guide/snapshot.html

exports[`Top Menu - Additional Cases > matches snapshot for default state 1`] = `
<DocumentFragment>
  <div
    class="top-menu MuiBox-root css-0"
  >
    <nav
      class="MuiPaper-root MuiPaper-elevation MuiPaper-elevation4 MuiAppBar-root MuiAppBar-colorPrimary MuiAppBar-positionFixed appbar-nav mui-fixed css-wy9qcc-MuiPaper-root-MuiAppBar-root"
      style="--Paper-shadow: 0px 2px 4px -1px rgba(0,0,0,0.2),0px 4px 5px 0px rgba(0,0,0,0.14),0px 1px 10px 0px rgba(0,0,0,0.12);"
    >
      <div
        class="MuiToolbar-root MuiToolbar-gutters MuiToolbar-regular css-1ygil4i-MuiToolbar-root"
      >
        <button
          aria-label="open drawer"
          class="MuiButtonBase-root MuiIconButton-root MuiIconButton-colorInherit MuiIconButton-edgeStart MuiIconButton-sizeMedium css-1uexjlw-MuiButtonBase-root-MuiIconButton-root"
          tabindex="0"
          type="button"
        >
          <svg
            aria-hidden="true"
            class="MuiSvgIcon-root MuiSvgIcon-fontSizeLarge css-uks7c6-MuiSvgIcon-root"
            data-testid="MenuIcon"
            focusable="false"
            viewBox="0 0 24 24"
          >
            <path
              d="M3 18h18v-2H3zm0-5h18v-2H3zm0-7v2h18V6z"
            />
          </svg>
        </button>
        <div
          class="MuiTypography-root MuiTypography-h6 css-pj280i-MuiTypography-root"
        >
          Phani
        </div>
        <div
          class="MuiBox-root css-13tqxrv"
          data-testid="desktop-nav"
        >
          <a
            class="MuiButtonBase-root MuiButton-root MuiButton-text MuiButton-textPrimary MuiButton-sizeMedium MuiButton-textSizeMedium MuiButton-colorPrimary MuiButton-root MuiButton-text MuiButton-textPrimary MuiButton-sizeMedium MuiButton-textSizeMedium MuiButton-colorPrimary highlight-navbtn css-1uent87-MuiButtonBase-root-MuiButton-root"
            href="#home"
            tabindex="0"
          >
            Home
          </a>
          <a
            class="MuiButtonBase-root MuiButton-root MuiButton-text MuiButton-textPrimary MuiButton-sizeMedium MuiButton-textSizeMedium MuiButton-colorPrimary MuiButton-root MuiButton-text MuiButton-textPrimary MuiButton-sizeMedium MuiButton-textSizeMedium MuiButton-colorPrimary navbtn css-1uent87-MuiButtonBase-root-MuiButton-root"
            href="#about"
            tabindex="0"
          >
            About
          </a>
          <a
            class="MuiButtonBase-root MuiButton-root MuiButton-text MuiButton-textPrimary MuiButton-sizeMedium MuiButton-textSizeMedium MuiButton-colorPrimary MuiButton-root MuiButton-text MuiButton-textPrimary MuiButton-sizeMedium MuiButton-textSizeMedium MuiButton-colorPrimary navbtn css-1uent87-MuiButtonBase-root-MuiButton-root"
            href="#skills"
            tabindex="0"
          >
            Skills
          </a>
          <a
            class="MuiButtonBase-root MuiButton-root MuiButton-text MuiButton-textPrimary MuiButton-sizeMedium MuiButton-textSizeMedium MuiButton-colorPrimary MuiButton-root MuiButton-text MuiButton-textPrimary MuiButton-sizeMedium MuiButton-textSizeMedium MuiButton-colorPrimary navbtn css-1uent87-MuiButtonBase-root-MuiButton-root"
            href="#experience"
            tabindex="0"
          >
            Experience
          </a>
          <a
            class="MuiButtonBase-root MuiButton-root MuiButton-text MuiButton-textPrimary MuiButton-sizeMedium MuiButton-textSizeMedium MuiButton-colorPrimary MuiButton-root MuiButton-text MuiButton-textPrimary MuiButton-sizeMedium MuiButton-textSizeMedium MuiButton-colorPrimary navbtn css-1uent87-MuiButtonBase-root-MuiButton-root"
            href="#projects"
            tabindex="0"
          >
            Projects
          </a>
          <a
            class="MuiButtonBase-root MuiButton-root MuiButton-text MuiButton-textPrimary MuiButton-sizeMedium MuiButton-textSizeMedium MuiButton-colorPrimary MuiButton-root MuiButton-text MuiButton-textPrimary MuiButton-sizeMedium MuiButton-textSizeMedium MuiButton-colorPrimary navbtn css-1uent87-MuiButtonBase-root-MuiButton-root"
            href="#contact"
            tabindex="0"
          >
            Contact
          </a>
        </div>
      </div>
    </nav>
    <nav />
    <main
      class="MuiBox-root css-0"
    >
      <div
        class="MuiToolbar-root MuiToolbar-gutters MuiToolbar-regular css-1ygil4i-MuiToolbar-root"
      />
    </main>
  </div>
</DocumentFragment>
`;
